main.c:80:6:setTimer0	16	static
main.c:86:6:setTimer1	16	static
main.c:92:6:setTimer2	16	static
main.c:98:6:timerRun	4	static
main.c:128:5:main	24	static
main.c:228:6:SystemClock_Config	72	static
main.c:264:13:MX_TIM2_Init	32	static
main.c:309:13:MX_GPIO_Init	32	static
main.c:358:6:HAL_TIM_PeriodElapsedCallback	16	static
main.c:363:6:updateClockBuffer	4	static
main.c:388:6:update7SEG	16	static
main.c:431:6:display7SEG	16	static
main.c:535:6:resetLEDMatrix	8	static
main.c:547:6:updateLEDMatrix	16	static
main.c:594:6:updateLEDMatrixBuffer	24	static
main.c:602:6:displayLEDMatrix	16	static
main.c:896:6:Error_Handler	4	static,ignoring_inline_asm
