main.c:79:6:setTimer0	16	static
main.c:85:6:setTimer1	16	static
main.c:91:6:setTimer2	16	static
main.c:97:6:timerRun	4	static
main.c:126:5:main	16	static
main.c:221:6:SystemClock_Config	72	static
main.c:257:13:MX_TIM2_Init	32	static
main.c:302:13:MX_GPIO_Init	32	static
main.c:351:6:HAL_TIM_PeriodElapsedCallback	16	static
main.c:356:6:updateClockBuffer	4	static
main.c:381:6:update7SEG	16	static
main.c:424:6:display7SEG	16	static
main.c:528:6:resetLEDMatrix	8	static
main.c:540:6:updateLEDMatrix	16	static
main.c:587:6:displayLEDMatrix	16	static
main.c:879:6:Error_Handler	4	static,ignoring_inline_asm
